## LODORIA
*|RidingDragon:Daemon:Wyrm:RidingDragon:Daemon|Balron:Wyrms|||||3|3|10|1|1|1|7000|1|9999|15|5|0|0|0|0

## SOSARIA
*|RidingDragon:Daemon:Wyrm:RidingDragon:Daemon|Balron:Wyrms|||||3|3|10|2|1|1|7000|1|9999|15|5|0|0|0|0

## AMBROSIA
*|RidingDragon:Daemon:Wyrm:RidingDragon:Daemon|Balron:Wyrms|||||5458|3301|10|2|1|1|7000|1|9999|3|2|0|0|0|0

## UMBER VEIL
*|RidingDragon:Daemon:Wyrm:RidingDragon:Daemon|Balron:Wyrms|||||701|4093|10|2|1|1|7000|1|9999|2|1|0|0|0|0

## KULDAR
*|RidingDragon:Daemon:Wyrm:RidingDragon:Daemon|Balron:Wyrms|||||6129|830|10|2|1|1|7000|1|9999|2|1|0|0|0|0

## SERPENT ISLAND
*|RidingDragon:Daemon:Wyrm:RidingDragon:Daemon|Balron:Wyrms|||||3|3|10|4|1|1|7000|1|9999|6|3|0|0|0|0

## ISLES OF DREAD
*|RidingDragon:Daemon:Wyrm:RidingDragon:Daemon|Balron:Wyrms|||||3|3|10|5|1|1|7000|1|9999|8|4|0|0|0|0

## SAVAGED EMPIRE
*|RidingDragon:Daemon:Wyrm:RidingDragon:Daemon|Balron:Wyrms|||||1128|302|10|6|1|1|7000|1|9999|3|2|0|0|0|0

## UNDERWORLD
*|RidingDragon:Daemon:Wyrm:RidingDragon:Daemon|Balron:Wyrms|||||3|3|10|3|1|1|7000|1|9999|2|1|0|0|0|0
*|AncientWyvern:EvilEnt:DragonGhost:ElderDragon:Kuthulu||||||4|4|10|3|1|1|7000|1|9999|6|0|0|0|0|0
